[preview.uideck.com/items/unfold/index.html]
[backblue.gif]
[fade.gif]
[index.html]
[preview.uideck.com/items/unfold/assets/images/favicon.png]
[preview.uideck.com/items/unfold/assets/css/bootstrap.min.css]
[preview.uideck.com/items/unfold/assets/css/LineIcons.css]
[preview.uideck.com/items/unfold/assets/css/magnific-popup.css]
[preview.uideck.com/items/unfold/assets/css/default.css]
[preview.uideck.com/items/unfold/assets/css/style.css]
[preview.uideck.com/items/unfold/index-2.html]
[preview.uideck.com/items/unfold/assets/images/logo.png]
[preview.uideck.com/items/unfold/assets/images/banner/shape/shape-2.png]
[preview.uideck.com/items/unfold/assets/images/banner/shape/shape-3.png]
[preview.uideck.com/items/unfold/assets/images/banner/shape/shape-4.png]
[preview.uideck.com/items/unfold/assets/images/banner/shape/shape-5.png]
[preview.uideck.com/items/unfold/assets/images/banner/shape/shape-6.png]
[preview.uideck.com/items/unfold/assets/images/banner/hero.png]
[preview.uideck.com/items/unfold/assets/images/call-to-action.jpg]
[preview.uideck.com/items/unfold/assets/images/work/w-1.jpg]
[preview.uideck.com/items/unfold/assets/images/work/w-2.jpg]
[preview.uideck.com/items/unfold/assets/images/work/w-4.jpg]
[preview.uideck.com/items/unfold/assets/images/work/w-6.jpg]
[preview.uideck.com/items/unfold/blog-details.html]
[preview.uideck.com/items/unfold/assets/images/blog/b-2.jpg]
[preview.uideck.com/items/unfold/assets/images/blog/b-3.jpg]
[preview.uideck.com/items/unfold/assets/js/vendor/modernizr-3.6.0.min.js]
[preview.uideck.com/items/unfold/assets/js/bootstrap.min.js]
[preview.uideck.com/items/unfold/assets/js/popper.min.js]
[preview.uideck.com/items/unfold/assets/js/vendor/jquery-1.12.4.min.js]
[preview.uideck.com/items/unfold/assets/js/parallax.min.js]
[preview.uideck.com/items/unfold/assets/js/jquery.magnific-popup.min.js]
[preview.uideck.com/items/unfold/assets/js/waypoints.min.js]
[preview.uideck.com/items/unfold/assets/js/jquery.counterup.min.js]
[preview.uideck.com/items/unfold/assets/js/ajax-contact.js]
[preview.uideck.com/items/unfold/assets/js/jquery.appear.min.js]
[preview.uideck.com/items/unfold/assets/js/scrolling-nav.js]
[preview.uideck.com/items/unfold/assets/js/jquery.easing.min.js]
[preview.uideck.com/items/unfold/index.html]
[preview.uideck.com/items/unfold/assets/css/bootstrap.min.css]
[preview.uideck.com/items/unfold/assets/js/validator.min.js]
[preview.uideck.com/items/unfold/assets/js/main.js]
[preview.uideck.com/items/unfold/assets/fonts/LineIcons5594.ttf]
[preview.uideck.com/items/unfold/assets/fonts/LineIcons5594.svg]
[preview.uideck.com/items/unfold/assets/css/LineIcons.css]
[preview.uideck.com/items/unfold/assets/css/magnific-popup.css]
[preview.uideck.com/items/unfold/assets/css/default.css]
[preview.uideck.com/items/unfold/assets/css/style.css]
[preview.uideck.com/items/unfold/index-2.html]
[preview.uideck.com/items/unfold/assets/images/banner/shape/shape-1.png]
[preview.uideck.com/items/unfold/assets/images/work/w-3.jpg]
[preview.uideck.com/items/unfold/assets/fonts/LineIcons5594.eot]
[preview.uideck.com/items/unfold/assets/fonts/LineIcons5594.woff]
[preview.uideck.com/items/unfold/assets/images/work/w-5.jpg]
[preview.uideck.com/items/unfold/assets/css/slick.css]
[preview.uideck.com/items/unfold/assets/images/page-banner.jpg]
[preview.uideck.com/items/unfold/assets/images/blog/bolg-detailes/bolg-detailes.jpg]
[preview.uideck.com/items/unfold/assets/images/blog/bolg-detailes/quote-left.png]
[preview.uideck.com/items/unfold/assets/images/blog/bolg-detailes/quote-right.png]
[preview.uideck.com/items/unfold/assets/images/blog/bolg-detailes/cm-1.png]
[preview.uideck.com/items/unfold/assets/images/blog/bolg-detailes/cm-2.png]
[preview.uideck.com/items/unfold/assets/images/blog/bolg-detailes/sidebar-post/p-1.jpg]
[preview.uideck.com/items/unfold/assets/images/blog/bolg-detailes/sidebar-post/p-2.jpg]
[preview.uideck.com/items/unfold/assets/images/blog/bolg-detailes/sidebar-post/p-3.jpg]
[preview.uideck.com/items/unfold/blog-details.html]
[preview.uideck.com/items/unfold/assets/images/logo-2.png]
[preview.uideck.com/items/unfold/assets/fonts/LineIcons5594.svg]
[preview.uideck.com/items/unfold/assets/js/slick.min.js]
[preview.uideck.com/items/unfold/assets/css/slick.css]
[preview.uideck.com/items/unfold/assets/images/blog/b-1.jpg]
