[aeon7.netlify.com/main.html]
[backblue.gif]
[fade.gif]
[index.html]
[aeon7.netlify.com/img/favicon.png]
[aeon7.netlify.com/css/plugins.css]
[aeon7.netlify.com/css/style.css]
[aeon7.netlify.com/img/logo-light.svg]
[aeon7.netlify.com/img/bg.jpg]
[aeon7.netlify.com/img/about.jpg]
[aeon7.netlify.com/img/portfolio/1.jpg]
[aeon7.netlify.com/img/portfolio/2.jpg]
[aeon7.netlify.com/img/portfolio/3.jpg]
[aeon7.netlify.com/img/portfolio/4.jpg]
[aeon7.netlify.com/img/portfolio/5.jpg]
[aeon7.netlify.com/img/portfolio/6.jpg]
[aeon7.netlify.com/img/bg1.jpg]
[aeon7.netlify.com/img/team/1.jpg]
[aeon7.netlify.com/img/team/2.jpg]
[aeon7.netlify.com/img/team/3.jpg]
[aeon7.netlify.com/img/team/4.jpg]
[aeon7.netlify.com/img/bg2.jpg]
[aeon7.netlify.com/img/clients/quote.svg]
[aeon7.netlify.com/img/clients/1.jpg]
[aeon7.netlify.com/img/clients/2.jpg]
[aeon7.netlify.com/img/clients/3.jpg]
[aeon7.netlify.com/img/clients/4.jpg]
[aeon7.netlify.com/img/blog/1.jpg]
[aeon7.netlify.com/img/blog/01.jpg]
[aeon7.netlify.com/img/blog/2.jpg]
[aeon7.netlify.com/img/blog/3.jpg]
[aeon7.netlify.com/js/jquery-3.0.0.min.js]
[aeon7.netlify.com/js/jquery-migrate-3.0.0.min.js]
[aeon7.netlify.com/js/popper.min.js]
[aeon7.netlify.com/js/bootstrap.min.js]
[aeon7.netlify.com/js/scrollIt.min.js]
[aeon7.netlify.com/js/animated.headline.js]
[aeon7.netlify.com/js/owl.carousel.min.js]
[aeon7.netlify.com/js/jquery.magnific-popup.min.js]
[aeon7.netlify.com/js/parallaxie.js]
[aeon7.netlify.com/js/wow.min.js]
[aeon7.netlify.com/js/jquery.waypoints.min.js]
[aeon7.netlify.com/js/jquery.counterup.min.js]
[aeon7.netlify.com/js/isotope.pkgd.min.js]
[aeon7.netlify.com/js/validator.js]
[aeon7.netlify.com/js/scripts.js]
[aeon7.netlify.com/main.html]
[aeon7.netlify.com/css/plugins/bootstrap.min.css]
[aeon7.netlify.com/css/plugins/animate.min.css]
[aeon7.netlify.com/css/plugins/themify-icons.css]
[aeon7.netlify.com/css/plugins/fontawesome-all.min.css]
[aeon7.netlify.com/css/plugins/YouTubePopUp.css]
[aeon7.netlify.com/css/plugins/magnific-popup.css]
[aeon7.netlify.com/css/plugins/owl.carousel.min.css]
[aeon7.netlify.com/css/plugins/owl.theme.default.min.css]
[aeon7.netlify.com/css/plugins.css]
[aeon7.netlify.com/css/plugins/helper.css]
[aeon7.netlify.com/img/dots.png]
[aeon7.netlify.com/css/style.css]
[aeon7.netlify.com/img/logo-light.svg]
[aeon7.netlify.com/img/clients/quote.svg]
[aeon7.netlify.com/css/plugins/bootstrap.min.css]
[aeon7.netlify.com/css/plugins/animate.min.css]
[aeon7.netlify.com/fonts/themify9f24.eot]
[aeon7.netlify.com/fonts/themify9f24.woff]
[aeon7.netlify.com/fonts/themifyd41d.eot]
[aeon7.netlify.com/css/plugins/themify-icons.css]
[aeon7.netlify.com/fonts/themify9f24.ttf]
[aeon7.netlify.com/fonts/fa-brands-400.eot]
[aeon7.netlify.com/fonts/fa-brands-400d41d.eot]
[aeon7.netlify.com/fonts/fa-brands-400.woff2]
[aeon7.netlify.com/fonts/fa-brands-400.woff]
[aeon7.netlify.com/fonts/fa-brands-400.ttf]
[aeon7.netlify.com/fonts/fa-regular-400.eot]
[aeon7.netlify.com/fonts/fa-regular-400d41d.eot]
[aeon7.netlify.com/fonts/fa-regular-400.woff2]
[aeon7.netlify.com/fonts/fa-regular-400.woff]
[aeon7.netlify.com/fonts/fa-regular-400.ttf]
[aeon7.netlify.com/fonts/fa-solid-900.eot]
[aeon7.netlify.com/fonts/fa-solid-900d41d.eot]
[aeon7.netlify.com/fonts/fa-solid-900.woff2]
[aeon7.netlify.com/fonts/fa-solid-900.woff]
[aeon7.netlify.com/fonts/fa-solid-900.ttf]
[aeon7.netlify.com/css/plugins/fontawesome-all.min.css]
[aeon7.netlify.com/css/plugins/YouTubePopUp.css]
[aeon7.netlify.com/css/plugins/magnific-popup.css]
[aeon7.netlify.com/css/plugins/owl.carousel.min.css]
[aeon7.netlify.com/css/plugins/owl.theme.default.min.css]
[aeon7.netlify.com/css/plugins/helper.css]
[aeon7.netlify.com/fonts/themify9f24.html]
[aeon7.netlify.com/fonts/fa-brands-400.html]
[aeon7.netlify.com/fonts/fa-regular-400.html]
[aeon7.netlify.com/fonts/fa-solid-900.html]
[aeon7.netlify.com/css/images/close.html]
[aeon7.netlify.com/css/plugins/owl.video.play.html]
